// Vitest Snapshot v1, https://vitest.dev/guide/snapshot.html

exports[`module > should export a stable API 1`] = `
{
  "signSync": [Function],
  "verifySync": [Function],
}
`;
